====== Installation de Prelude-IDS sur Ubuntu ======

Tutoriel rédigé pour une version Ubuntu 8.04 LTS et Prelude-IDS 0.9.

Ce tutoriel a été réalisé par :

^ **Rôle**                          ^ **Nom**          ^
| **Rédacteur**                    | [[http://www.monitoring-fr.org/community/members/ludovic-valentin/|Ludovic VALENTIN]] |


===== Pré-requis =====

Pour la préparation d'un environnement Prelude, il faut installer certains paquets :

<code>
$ sudo apt-get update
$ sudo apt-get upgrade
$ sudo apt-get install man wget ssh build-essential checkinstall libpcap-dev flex byacc gtk-doc-tools libssl-dev libxml-dev libpcre3-dev libfam-dev gnutls-bin libgcrypt11-dev libgnutls-dev libgpg-error-dev libopencdk10-dev libxmlsec1 libxmlsec1-gnutls
</code>

===== Libprelude =====

==== Téléchargement ====

Récupération de la librairie de Prelude :

<code>
$ sudo wget http://www.prelude-ids.com/download/releases/libprelude/libprelude-0.9.24.1.tar.gz
</code>

==== Installation ====

Installation de la librairie :

<note important>Attention : ne pas oublier l'installation des pré-requis.</note>

<code>
$ sudo tar zxf libprelude-0.9.24.1.tar.gz

$ cd libprelude-0.9.24.1

$ sudo ./configure --enable-easy-bindings --enable-gtk-doc

*** Dumping configuration ***

    - Generate documentation   : yes

    - Libtool dynamic loader   : System

    - LUA binding              : no

    - Perl binding             : yes

    - Python binding           : yes

    - Ruby binding             : no

    - Easy bindings            : yes
</code>

<code>
$ sudo make

$ sudo make install

$ sudo ln /sbin/ldconfig /usr/local/lib

$ sudo export LD_LIBRARY_PATH=/usr/local/lib
</code>

<code>
$ sudo vim /etc/ld.so.conf

include /usr/local/lib
</code>

<code>
$ sudo ldconfig
</code>

==== Configuration ====

Cette partie correspond à la configuration de Prelude en général, c'est-à-dire à Libprelude installé sur un poste client ou serveur. En effet, quelque soit l'usage, et l'installation étant la même sur les deux types de postes, la configuration de base de Prelude se trouve par défaut dans le répertoire **/usr/local/etc/prelude/default**.

Ce dossier contient plusieurs fichiers de configuration tels que:

  * **client.conf**
  * **global.conf**
  * **idmef-client.conf**
  * **tls.conf**

=== client.conf ===

Ce fichier est à éditer que dans le cadre d'une configuration d'un agent ou d'une sonde (exemple: Prelude-Correlator, Ossec, ...etc). **client.conf** permet notamment d'indiquer l'adresse du serveur Prelude (Prelude-Manager), et de paramétrer les différents échanges (au niveau tcp, et tls) entre le client et le serveur.

=== global.conf ===

Le fichier **global.conf** contient la configuration pouvant servir aussi bien pour le serveur, que pour le client (agent, ou sonde). Dans ce fichier, il est possible de paramétrer certaines options pour gérer des champs à remplir lors de l'envoi d'alerte, ou encore pour préciser les informations sur le poste serveur ou client (multiples adresses ip, nom du vlan, ...etc).

=== idmef-client.conf ===

Quant à ce fichier, **idmef-client.conf**, il contient les liens vers les deux fichiers précédents, à savoir **client.conf** et **global.conf**.

=== tls.conf ===

Afin de paramétrer la génération des certificats, comme la durée de vie ou la valeur de la clé de cryptage (par défaut 1024), il faut éditer le fichier **tls.conf**.

===== LibpreludeDB =====

==== Pré-requis ====

L'ajout d'une base de données sur un serveur Prelude requiert des paquets supplémentaires :

<code>
$ sudo apt-get install mysql-server libmysqlclient15-dev
</code>

==== Téléchargement ====

Téléchargement de la librairie de base de données de Prelude:

<code>
$ sudo wget http://www.prelude-ids.com/download/releases/libpreludedb/libpreludedb-0.9.15.3.tar.gz
</code>

==== Installation ====

Installation de la librairie:

<code>
$ sudo tar zxf libpreludedb-0.9.15.3.tar.gz

$ cd libprelude-0.9.15.3

$ sudo ./configure --with-postgresql=no --enable-gtk-doc

*** Dumping configuration ***

    - Generate documentation      : yes

    - Enable MySQL plugin         : yes

    - Enable PostgreSQL plugin    : no

    - Enable SQLite3 plugin       : no

    - Perl binding                : yes

    - Python binding              : yes
</code>

<code>
$ sudo make

$ sudo make install
</code>

<code>
$ sudo vim /etc/ld.so.conf

include /usr/local/lib/libpreludedb/plugins/formats

include /usr/local/lib/libpreludedb/plugins/sql
</code>

<code>
$ sudo ldconfig
</code>

=== Création de la base de données ===

Pour stocker les alertes, création de la base de données Prelude :

<code>
$ sudo mysql -u root –p

> create database prelude;

> grant all privileges on prelude.* to prelude@localhost identified by 'prelude';

> grant all privileges on prelude.* to prelude@nagios identified by 'prelude';

> exit

$ sudo mysql -u prelude -p prelude < /usr/local/share/libpreludedb/classic/mysql.sql
</code>

Bien sûr, dans cet exemple, le mot-de-passe pour l'utilisateur prelude est tout simplement prelude, ce qui n'est pas recommandé dans un contexte réel en entreprise, libre à vous d'en préciser un autre. Il en est de même pour l'utilisateur prelude, utilisé par défaut dans ce projet.

===== Prelude-Manager =====

==== Téléchargement ====

Ensuite, il faut télécharger le paquet Prelude-Manager:

<code>
$ sudo wget http://www.prelude-ids.com/download/releases/prelude-manager/prelude-manager-0.9.15.tar.gz
</code>

==== Installation ====

Et enfin l’installer:

<code>
$ sudo tar zxf prelude-manager-0.9.15.tar.gz

$ cd prelude-manager-0.9.15

$ sudo ./configure

*** Dumping configuration ***

    - TCP wrapper support    : no

    - XML plugin support     : yes

    - Database plugin support: yes
</code>

<code>
$ sudo make

$ sudo make install
</code>

<code>
$ sudo vim /etc/ld.so.conf

include /usr/local/lib/prelude-manager/decodes

include /usr/local/lib/prelude-manager/filters

include /usr/local/lib/prelude-manager/reports$ sudo ldconfig
</code>

<code>
$ sudo ldconfig
</code>

==== Configuration ====

Pour configurer Prelude-Manager, il faut éditer le fichier **prelude-manager.conf**, par défaut ce dernier se trouve sous le répertoire **/usr/local/etc/prelude-manager**.

<code>
$ sudo vim /usr/local/etc/prelude-manager/prelude-manager.conf
</code>

=== Configuration de base ===

Dans **prelude-manager.conf**, le réseau sur lequel Prelude-Manager écoute doit être précisé, afin que ce dernier accepte les connexions des clients (sondes). Pour simplifié, ici l'adresse choisie est globale.

<code>
listen = 0.0.0.0
</code>

Ensuite, il reste à indiquer les paramètres de la base de données de Prelude (LibpreludeDB) :

<code>
[db]
type = mysql
host = localhost
port = 3306
name = prelude
user = prelude
pass = manager
</code>

Avec ces paramètres, Prelude-Manager est prêt à démarrer et à fonctionner.

=== Optimisation ===

Une fois la configuration de base terminée, il est possible d'optimiser Prelude-Manager dans **prelude-manager.conf**.

== Logs ==

L'activation du debug en mode texte se fait en ajoutant ces lignes :

<code>
...
[debug]
logfile = stderr
logfile = /var/log/prelude.log
...
</code>

== Relaying ==

Pour relayer les alertes d'un Prelude-Manager vers un autre, voir plusieurs :

<code>
...
[relaying]
parent-managers = 192.168.1.100 || 192.168.1.101 && 192.168.1.102
...
</code>

Dans l'exemple précédent, Prelude-Manager relaye les alertes vers le Prelude-Manager 192.168.1.100 **OU** en cas d'échec, vers les Prelude-Managers 192.168.1.101 **ET** 192.168.1.102.

===== Prelude-Correlator =====

==== Pré-requis ====

L'ajout de Prelude-Correlator nécessite l'installation d'un environnement python :

<code>
$ sudo apt-get install python
</code>

==== Téléchargement ====

Téléchargement du plugin de corrélation de Prelude :

<code>
$ sudo wget http://www.prelude-ids.com/download/releases/prelude-correlator/prelude-correlator-0.9.0-beta6.tar.gz
</code>

==== Installation ====

Installation du module de corrélation:

<code>
$ sudo tar zxf prelude-correlator-0.9.0-beta6.tar.gz

$ cd prelude-correlator-0.9.0-beta6

$ sudo python setup.py build

$ sudo python setup.py install
</code>

<code>
$ sudo vim /etc/ld.so.conf

include /usr/local/lib/prelude-correlator
</code>

<code>
$ sudo ldconfig
</code>

==== Configuration ====

La configuration de Prelude-Correlator se fait dans le fichier **prelude-correlator.conf**.

<code>
$ vim /etc/prelude-correlator/prelude-correlator.conf
</code>

=== Configuration de base ===

Correctement installé, Prelude-Correlator ne nécessite aucune configuration.

<note tip>Ne pas oublier d'éditer le fichier **client.conf**, afin d'indiquer l'adresse ip du serveur Prelude-Manager.</note>

=== Règles de corrélation ===

Par défaut, il y a très peu de règles de corrélation fournies dans le paquet. Donc pour répondre à vos propres besoins, il n'y a pour l'instant pas le choix, il faut écrire des règles. Le langage utilisé pour écrire les règles est le Python. 

L'ajout d'une règle se fait en la copiant dans le répertoire **/usr/lib/python2.5/site-packages/PreludeCorrelator/plugins**, bizarrement, ce n'est pas dans le dossier **/etc/prelude-correlator/rules**, car les règles placées seulement dans ce dernier ne sont pas chargées au démarrage de Prelude-Correlator.

Ensuite, il reste à déclarer la nouvelle règle dans le fichier **entry_points.txt**.

<code>
$ vim /usr/lib/python2.5/site-packages/prelude_correlator-0.9.0_beta6-py2.5.egg-info/entry_points.txt
</code>

Voici un exemple de déclaration dans entry_points.txt, il suffit de suivre l'exemple des règles par défaut :

<code>
[PreludeCorrelator.plugins]
...
NewRulePlugin = PreludeCorrelator.plugins.scan:NewRulePlugin
...
</code>

Dans le fichier de configuration **prelude-correlator.conf**, il est possible de désactiver des règles, sans les supprimer. Pour cela, il faut indiquer les plugins, c'est-à-dire les règles à charger par le corrélateur. Exemple :

<code>
…
[BruteForcePlugin]
disable = false
[FirewallPlugin]
disable = True
…
</code>

===== Prelude-LML =====

==== Téléchargement ====

Pour installer le module  Prelude-LML, il faut récupérer le paquet:

<code>
$ sudo wget http://www.prelude-ids.com/download/releases/prelude-lml/prelude-lml-0.9.15.tar.gz
</code>

==== Installation ====

Puis le compiler et l’installer:

<code>
$ sudo tar zxf prelude-lml-0.9.15.tar.gz

$ cd prelude-lml-0.9.15

$ sudo ./configure

*** Dumping configuration ***

    - Enable unsupported rulesets       : yes

$ sudo make

$ sudo make install
</code>

<code>
$ sudo vim /etc/ld.so.conf

include /usr/local/lib/prelude-lml
</code>

<code>
$ sudo ldconfig
</code>

==== Configuration ====

Pour configurer Prelude-LML, il faut éditer le fichier **prelude-lml.conf**.

<code>
$ sudo vim /usr/local/etc/prelude-lml/prelude-lml.conf
</code>

=== Configuration de base ===

<note tip>Ne pas oublier d'éditer le fichier **client.conf**.</note>

=== Optimisation ===

Pour prendre en compte les syslogs par exemple, y ajouter :

<code>
[format=syslog]

time-format = "%b %d %H:%M:%S"

prefix-regex = "^(?P<timestamp>.{15}) (?P<hostname>\S+) (?:(?P<process>\S+?)(?:\[(?P<pid>[0-9]+)\])?: )?"

file = /var/log/messages
</code>

===== Prewikka =====

==== Pré-requis ====

La mise en place de l'interface web nécessite d'installer quelques paquets supplémentaires :

<code>
$ sudo apt-get install apache2 libapache2-mod-python mysql-server python python-dev python-setuptools
</code>

==== Téléchargement ====

Pour mettre en place une interface graphique de Prelude, il faut télécharger le module Prewikka:

<code>
$ sudo wget http://www.prelude-ids.com/download/releases/prewikka/prewikka-0.9.17.tar.gz
</code>

==== Installation ====

Installation de l’interface Prewikka:

<code>
$ sudo tar zxf prewikka-0.9.17

$ cd prewikka-0.9.17

$ sudo apt-get install cheetah

$ sudo python setup.py build

$ sudo python setup.py install
</code>

=== Création de la base de données ===

Pour l’interface Prewikka, il faut créer une base de données :

<code>
$ sudo mysql -u root –p

> create database prewikka;

> grant all privileges on prewikka.* to prewikka@localhost identified by 'prewikka';

> exit

$ sudo mysql -u prewikka -p prewikka < /usr/share/prewikka/database/mysql.sql
</code>

==== Configuration ====

Pour activer l’interface Web de Prelude, il faut commencer par configurer Prewikka. Ce dernier dispose d'un fichier de configuration, **prewikka.conf**.

<code>
$ sudo vim /etc/prewikka/prewikka.conf
</code>

=== Configuration de base ===

Dans **prewikka.conf**, il faut précisé les paramètres des bases de données à utiliser. Voici les champs à compléter:

<code>
[idmef_database]
#
# if your database is a sqlite file, please use:
#
# type: sqlite3
# file: /path/to/your/sqlite_database
#
type: mysql
host: localhost
user: prelude
pass: prelude
name: prelude

[database]
type: mysql
host: localhost
user: prewikka
pass: prewikka
name: prewikka
</code>

La première partie correspond à la base de données de Prelude-Manager, contenant les alertes IDMEF. Quant à la seconde base de données, c'est celle de Prewikka, crée lors de l'installation de ce dernier pour ajouter une interface graphique.

== Apache ==

Ensuite il reste tout simplement éditer les fichiers de configuration d’Apache.

Tout d’abord, il faut créer un fichier pour notre Prewikka :

<code>
$ sudo vim /etc/apache2/sites-available/prewikka
</code>

Puis y ajouter ces lignes pour créer un VirtualHost :

<code>
NameVirtualHost PRELUDE
<VirtualHost 192.168.1.100>
        ServerAdmin webmaster@localhost

        ServerName PRELUDE
        Alias /prewikka/ /usr/share/prewikka/htdocs/
        ScriptAlias / /usr/share/prewikka/cgi-bin/prewikka.cgi

        DocumentRoot /var/www/

        <Directory />
                Options FollowSymLinks
                AllowOverride None
        </Directory>

        <Directory /var/www/>
                Options Indexes FollowSymLinks MultiViews
                AllowOverride None
                Order allow,deny
                allow from all
        </Directory>
        <Directory "/usr/share/prewikka">
                AllowOverride FileInfo AuthConfig Limit Indexes
                Options MultiViews Indexes SymLinksIfOwnerMatch IncludesNoExec
                <Limit GET POST OPTIONS>
                        Order allow,deny
                        Allow from all
                </Limit>
                <LimitExcept GET POST OPTIONS>
                        Order deny,allow
                        Deny from all
                </LimitExcept>
        </Directory>
</VirtualHost>
</code>

Et enfin, pour terminer il faut activer le site prewikka :

<code>
$ a2ensite prewikka
</code>

=== Optimisation ===

A travers le fichier **prewikka.conf**, il est possible d'optimiser la configuration de Prewikka.

== Authentification ==

L'authentification de Prewikka peut être modifiée, soit en la désactivant, soit en indiquant les paramètres de l'administrateur de base, initial (par défaut admin/admin).

<code>
...
[auth loginpassword]
expiration: 60
initial_admin_user: admin
initial_admin_pass: admin
...
</code>

Pour désactiver l'authentification, il suffit de commenter les lignes précédentes :

<code>
...
#[auth loginpassword]
#expiration: 60
#initial_admin_user: admin
#initial_admin_pass: admin
...
</code>

== Logs ==

Pour activer les logs de Prewikka, il faut indiquer un fichier en sortie :

<code>
...
[log file]
level: debug
file: /var/log/prewikka.log
...
</code>

Pour affiner les paramètres de logs, il existe d'autres sections (syslog, stderr, netventlog, ...) :

<code>
...
[log syslog]
level: warning
...
</code>